// Jest Snapshot v1, https://goo.gl/fbAQLP

exports[`TalkInfo 1`] = `
<div
  className="sc-gsTCUz gCgpQH"
>
  <div
    className="sc-bdfBwQ MrQxr"
  >
    <h2
      className="sc-dlfnbm edmzhC"
    >
      ほげふが
    </h2>
    <div
      className="sc-hKgILt fGVjOM"
    >
      <div
        className="sc-eCssSg eGOYFD"
      >
        alice / bob
      </div>
      <div
        style={
          Object {
            "paddingRight": "20px",
          }
        }
      />
    </div>
    <div
      className="sc-jSgupP ggSDkb"
    >
      ぴよぴよ
    </div>
    <div
      className="sc-iBPRYJ kRuKJY"
    >
      <img
        className="sc-fubCfw iYzSNh"
        src="/codt2021/ui/images/talk_icon.png"
      />
      一緒に盛り上がろう
    </div>
    <div
      className="sc-pFZIQ hxExeM"
    >
      <div
        style={
          Object {
            "paddingRight": "8px",
          }
        }
      />
      <a
        className="sc-jrAGrp jUAzA-d"
        href="http://twitter.com/share?url=https://cloudopsdays.com&related=@cloudopsdays&hashtags=codt2021"
        target="_blank"
      >
        <button
          className="MuiButtonBase-root MuiButton-root MuiButton-text sc-kEjbxe deHcyM"
          disabled={false}
          onBlur={[Function]}
          onDragLeave={[Function]}
          onFocus={[Function]}
          onKeyDown={[Function]}
          onKeyUp={[Function]}
          onMouseDown={[Function]}
          onMouseLeave={[Function]}
          onMouseUp={[Function]}
          onTouchEnd={[Function]}
          onTouchMove={[Function]}
          onTouchStart={[Function]}
          tabIndex={0}
          type="button"
        >
          <span
            className="MuiButton-label"
          >
            <img
              className="sc-iqHYGH RBerV"
              src="/codt2021/ui/images/twitter_logo.png"
            />
            tweet #codt2021
          </span>
        </button>
      </a>
    </div>
  </div>
</div>
`;
